# 磁盘的分区、格式化、检验与挂载

### 1. 观察磁盘分区状态

* lsblk 列出系统上的磁盘列表

  ```
  [root@study ~]# lsblk [-dfimpt] [device]
  选项与参数:
  -d :仅列出磁盘本身,并不会列出该磁盘的分区数据
  -f :同时列出该磁盘内的文件系统名称
  -i :使用 ASCII 的线段输出,不要使用复杂的编码 (再某些环境下很有用)
  -m :同时输出该设备在 /dev 下面的权限数据 (rwx 的数据)
  -p :列出该设备的完整文件名!而不是仅列出最后的名字而已。
  -t :列出该磁盘设备的详细数据,包括磁盘伫列机制、预读写的数据量大小等

  例如：
  zhangle@zhangle-company:~$ lsblk
  NAME    MAJ:MIN RM   SIZE RO TYPE MOUNTPOINT
  sda       8:0    0 111.8G  0 disk 
  ├─sda1    8:1    0  49.6G  0 part 
  ├─sda2    8:2    0   450M  0 part 
  ├─sda3    8:3    0     1K  0 part 
  └─sda5    8:5    0  61.8G  0 part /media/zhangle/d
  sdb       8:16   0   1.8T  0 disk 
  ├─sdb1    8:17   0     1K  0 part 
  ├─sdb2    8:18   0    60G  0 part /
  ├─sdb5    8:21   0   451G  0 part 
  ├─sdb6    8:22   0   350G  0 part /media/zhangle/乐
  ├─sdb7    8:23   0   451G  0 part 
  ├─sdb8    8:24   0   450G  0 part 
  ├─sdb9    8:25   0   9.3G  0 part [SWAP]
  ├─sdb10   8:26   0 952.7M  0 part /boot
  ├─sdb11   8:27   0  37.3G  0 part /var
  └─sdb12   8:28   0  53.5G  0 part /home

  ```

  ​

  * **NAME** 设备文件名
  * **MAJ:MIN** 主要:次要设备代码。核心认识的设备都是通过这两个代码。
  * **RM** 是否为可卸载设备。USB,光盘等。
  * **SIZE** 容量
  * **RO** 是否为只读设备
  * **TYPE**  *disk* 磁盘　*part* 分区　*rom* 只读存储器
  * **MOUTPOINT** 挂载点

* **blkid** 查看设备的uuid

  UUID是全域唯一识别码，这个识别码可以拿来作为挂载或者是使用这个设备/文件系统的标识

* **parted** 查看磁盘的分区表类型和分区信息。

  目前为止（２０１8年３月），磁盘的分区表类型主要有MBR和GPT两种。

  使用方法：`parted device_name print`

  例子：

  ```
  [zhangle:~]$ sudo parted /dev/sda print
  Model: ATA KINGSTON SV300S3 (scsi)   #磁盘的模块名称
  磁盘 /dev/sda: 120GB  #磁盘的容量
  Sector size (logical/physical): 512B/512B #扇区的容量
  分区表：msdos #分区表格式　　msdos是MBR的别称
  Disk Flags: 

  数字  开始：  End     大小    类型      文件系统  标志
   1    2097kB  53.2GB  53.2GB  primary   ntfs      启动
   2    53.2GB  53.7GB  472MB   primary   ntfs      diag
   3    53.7GB  120GB   66.3GB  extended            lba
   5    53.7GB  120GB   66.3GB  logical   ntfs

  ```

  ​

  ​

